------------------------------------------------------------
TimeQuest Timing Analyzer Summary
------------------------------------------------------------

Type  : Slow Model Setup 'main_fsm_top:inst2|write_fsm:u5|state.write_done_state'
Slack : -7.056
TNS   : -148.945

Type  : Slow Model Setup 'main_fsm_top:inst2|gen25mhz:u1|tmp'
Slack : -4.866
TNS   : -669.234

Type  : Slow Model Setup 'clock_50mhz'
Slack : -3.328
TNS   : -69.590

Type  : Slow Model Hold 'main_fsm_top:inst2|gen25mhz:u1|tmp'
Slack : -3.426
TNS   : -22.264

Type  : Slow Model Hold 'clock_50mhz'
Slack : -2.687
TNS   : -2.687

Type  : Slow Model Hold 'main_fsm_top:inst2|write_fsm:u5|state.write_done_state'
Slack : 2.193
TNS   : 0.000

Type  : Slow Model Recovery 'main_fsm_top:inst2|read_fsm:u6|bitcount[0]'
Slack : -3.875
TNS   : -10.629

Type  : Slow Model Removal 'main_fsm_top:inst2|read_fsm:u6|bitcount[0]'
Slack : 3.249
TNS   : 0.000

Type  : Slow Model Minimum Pulse Width 'clock_50mhz'
Slack : -1.631
TNS   : -41.957

Type  : Slow Model Minimum Pulse Width 'main_fsm_top:inst2|gen25mhz:u1|tmp'
Slack : -0.611
TNS   : -263.952

Type  : Slow Model Minimum Pulse Width 'main_fsm_top:inst2|read_fsm:u6|bitcount[0]'
Slack : 0.500
TNS   : 0.000

Type  : Slow Model Minimum Pulse Width 'main_fsm_top:inst2|write_fsm:u5|state.write_done_state'
Slack : 0.500
TNS   : 0.000

Type  : Fast Model Setup 'main_fsm_top:inst2|write_fsm:u5|state.write_done_state'
Slack : -2.105
TNS   : -42.972

Type  : Fast Model Setup 'main_fsm_top:inst2|gen25mhz:u1|tmp'
Slack : -1.331
TNS   : -146.505

Type  : Fast Model Setup 'clock_50mhz'
Slack : -0.841
TNS   : -10.611

Type  : Fast Model Hold 'main_fsm_top:inst2|gen25mhz:u1|tmp'
Slack : -1.933
TNS   : -20.769

Type  : Fast Model Hold 'clock_50mhz'
Slack : -1.718
TNS   : -1.718

Type  : Fast Model Hold 'main_fsm_top:inst2|write_fsm:u5|state.write_done_state'
Slack : 0.956
TNS   : 0.000

Type  : Fast Model Recovery 'main_fsm_top:inst2|read_fsm:u6|bitcount[0]'
Slack : -1.827
TNS   : -4.484

Type  : Fast Model Removal 'main_fsm_top:inst2|read_fsm:u6|bitcount[0]'
Slack : 1.927
TNS   : 0.000

Type  : Fast Model Minimum Pulse Width 'clock_50mhz'
Slack : -1.380
TNS   : -34.380

Type  : Fast Model Minimum Pulse Width 'main_fsm_top:inst2|gen25mhz:u1|tmp'
Slack : -0.500
TNS   : -216.000

Type  : Fast Model Minimum Pulse Width 'main_fsm_top:inst2|read_fsm:u6|bitcount[0]'
Slack : 0.500
TNS   : 0.000

Type  : Fast Model Minimum Pulse Width 'main_fsm_top:inst2|write_fsm:u5|state.write_done_state'
Slack : 0.500
TNS   : 0.000

------------------------------------------------------------
