Analysis & Synthesis report for top_de1
Mon Dec 20 18:14:24 2021
Quartus II 64-Bit Version 13.0.1 Build 232 06/12/2013 Service Pack 1 SJ Web Edition


---------------------
; Table of Contents ;
---------------------
  1. Legal Notice
  2. Analysis & Synthesis Summary
  3. Analysis & Synthesis Settings
  4. Parallel Compilation
  5. Analysis & Synthesis Messages



----------------
; Legal Notice ;
----------------
Copyright (C) 1991-2013 Altera Corporation
Your use of Altera Corporation's design tools, logic functions 
and other software and tools, and its AMPP partner logic 
functions, and any output files from any of the foregoing 
(including device programming or simulation files), and any 
associated documentation or information are expressly subject 
to the terms and conditions of the Altera Program License 
Subscription Agreement, Altera MegaCore Function License 
Agreement, or other applicable license agreement, including, 
without limitation, that your use is for the sole purpose of 
programming logic devices manufactured by Altera and sold by 
Altera or its authorized distributors.  Please refer to the 
applicable agreement for further details.



+--------------------------------------------------------------------------------------+
; Analysis & Synthesis Summary                                                         ;
+------------------------------------+-------------------------------------------------+
; Analysis & Synthesis Status        ; Failed - Mon Dec 20 18:14:24 2021               ;
; Quartus II 64-Bit Version          ; 13.0.1 Build 232 06/12/2013 SP 1 SJ Web Edition ;
; Revision Name                      ; top_de1                                         ;
; Top-level Entity Name              ; top_de1                                         ;
; Family                             ; Cyclone II                                      ;
; Total logic elements               ; N/A until Partition Merge                       ;
;     Total combinational functions  ; N/A until Partition Merge                       ;
;     Dedicated logic registers      ; N/A until Partition Merge                       ;
; Total registers                    ; N/A until Partition Merge                       ;
; Total pins                         ; N/A until Partition Merge                       ;
; Total virtual pins                 ; N/A until Partition Merge                       ;
; Total memory bits                  ; N/A until Partition Merge                       ;
; Embedded Multiplier 9-bit elements ; N/A until Partition Merge                       ;
; Total PLLs                         ; N/A until Partition Merge                       ;
+------------------------------------+-------------------------------------------------+


+----------------------------------------------------------------------------------------------------------------------+
; Analysis & Synthesis Settings                                                                                        ;
+----------------------------------------------------------------------------+--------------------+--------------------+
; Option                                                                     ; Setting            ; Default Value      ;
+----------------------------------------------------------------------------+--------------------+--------------------+
; Device                                                                     ; EP2C20F484C7       ;                    ;
; Top-level entity name                                                      ; top_de1            ; top_de1            ;
; Family name                                                                ; Cyclone II         ; Cyclone IV GX      ;
; Use smart compilation                                                      ; Off                ; Off                ;
; Enable parallel Assembler and TimeQuest Timing Analyzer during compilation ; On                 ; On                 ;
; Enable compact report table                                                ; Off                ; Off                ;
; Restructure Multiplexers                                                   ; Auto               ; Auto               ;
; Create Debugging Nodes for IP Cores                                        ; Off                ; Off                ;
; Preserve fewer node names                                                  ; On                 ; On                 ;
; Disable OpenCore Plus hardware evaluation                                  ; Off                ; Off                ;
; Verilog Version                                                            ; Verilog_2001       ; Verilog_2001       ;
; VHDL Version                                                               ; VHDL_1993          ; VHDL_1993          ;
; State Machine Processing                                                   ; Auto               ; Auto               ;
; Safe State Machine                                                         ; Off                ; Off                ;
; Extract Verilog State Machines                                             ; On                 ; On                 ;
; Extract VHDL State Machines                                                ; On                 ; On                 ;
; Ignore Verilog initial constructs                                          ; Off                ; Off                ;
; Iteration limit for constant Verilog loops                                 ; 5000               ; 5000               ;
; Iteration limit for non-constant Verilog loops                             ; 250                ; 250                ;
; Add Pass-Through Logic to Inferred RAMs                                    ; On                 ; On                 ;
; Infer RAMs from Raw Logic                                                  ; On                 ; On                 ;
; Parallel Synthesis                                                         ; On                 ; On                 ;
; DSP Block Balancing                                                        ; Auto               ; Auto               ;
; NOT Gate Push-Back                                                         ; On                 ; On                 ;
; Power-Up Don't Care                                                        ; On                 ; On                 ;
; Remove Redundant Logic Cells                                               ; Off                ; Off                ;
; Remove Duplicate Registers                                                 ; On                 ; On                 ;
; Ignore CARRY Buffers                                                       ; Off                ; Off                ;
; Ignore CASCADE Buffers                                                     ; Off                ; Off                ;
; Ignore GLOBAL Buffers                                                      ; Off                ; Off                ;
; Ignore ROW GLOBAL Buffers                                                  ; Off                ; Off                ;
; Ignore LCELL Buffers                                                       ; Off                ; Off                ;
; Ignore SOFT Buffers                                                        ; On                 ; On                 ;
; Limit AHDL Integers to 32 Bits                                             ; Off                ; Off                ;
; Optimization Technique                                                     ; Balanced           ; Balanced           ;
; Carry Chain Length                                                         ; 70                 ; 70                 ;
; Auto Carry Chains                                                          ; On                 ; On                 ;
; Auto Open-Drain Pins                                                       ; On                 ; On                 ;
; Perform WYSIWYG Primitive Resynthesis                                      ; Off                ; Off                ;
; Auto ROM Replacement                                                       ; On                 ; On                 ;
; Auto RAM Replacement                                                       ; On                 ; On                 ;
; Auto Shift Register Replacement                                            ; Auto               ; Auto               ;
; Allow Shift Register Merging across Hierarchies                            ; Auto               ; Auto               ;
; Auto Clock Enable Replacement                                              ; On                 ; On                 ;
; Strict RAM Replacement                                                     ; Off                ; Off                ;
; Allow Synchronous Control Signals                                          ; On                 ; On                 ;
; Force Use of Synchronous Clear Signals                                     ; Off                ; Off                ;
; Auto RAM to Logic Cell Conversion                                          ; Off                ; Off                ;
; Auto Resource Sharing                                                      ; Off                ; Off                ;
; Allow Any RAM Size For Recognition                                         ; Off                ; Off                ;
; Allow Any ROM Size For Recognition                                         ; Off                ; Off                ;
; Allow Any Shift Register Size For Recognition                              ; Off                ; Off                ;
; Use LogicLock Constraints during Resource Balancing                        ; On                 ; On                 ;
; Ignore translate_off and synthesis_off directives                          ; Off                ; Off                ;
; Timing-Driven Synthesis                                                    ; Off                ; Off                ;
; Report Parameter Settings                                                  ; On                 ; On                 ;
; Report Source Assignments                                                  ; On                 ; On                 ;
; Report Connectivity Checks                                                 ; On                 ; On                 ;
; Ignore Maximum Fan-Out Assignments                                         ; Off                ; Off                ;
; Synchronization Register Chain Length                                      ; 2                  ; 2                  ;
; PowerPlay Power Optimization                                               ; Normal compilation ; Normal compilation ;
; HDL message level                                                          ; Level2             ; Level2             ;
; Suppress Register Optimization Related Messages                            ; Off                ; Off                ;
; Number of Removed Registers Reported in Synthesis Report                   ; 5000               ; 5000               ;
; Number of Swept Nodes Reported in Synthesis Report                         ; 5000               ; 5000               ;
; Number of Inverted Registers Reported in Synthesis Report                  ; 100                ; 100                ;
; Clock MUX Protection                                                       ; On                 ; On                 ;
; Auto Gated Clock Conversion                                                ; Off                ; Off                ;
; Block Design Naming                                                        ; Auto               ; Auto               ;
; SDC constraint protection                                                  ; Off                ; Off                ;
; Synthesis Effort                                                           ; Auto               ; Auto               ;
; Shift Register Replacement - Allow Asynchronous Clear Signal               ; On                 ; On                 ;
; Pre-Mapping Resynthesis Optimization                                       ; Off                ; Off                ;
; Analysis & Synthesis Message Level                                         ; Medium             ; Medium             ;
; Disable Register Merging Across Hierarchies                                ; Auto               ; Auto               ;
; Resource Aware Inference For Block RAM                                     ; On                 ; On                 ;
; Synthesis Seed                                                             ; 1                  ; 1                  ;
+----------------------------------------------------------------------------+--------------------+--------------------+


Parallel compilation was disabled, but you have multiple processors available. Enable parallel compilation to reduce compilation time.
+-------------------------------------+
; Parallel Compilation                ;
+----------------------------+--------+
; Processors                 ; Number ;
+----------------------------+--------+
; Number detected on machine ; 12     ;
; Maximum allowed            ; 1      ;
+----------------------------+--------+


+-------------------------------+
; Analysis & Synthesis Messages ;
+-------------------------------+
Info: *******************************************************************
Info: Running Quartus II 64-Bit Analysis & Synthesis
    Info: Version 13.0.1 Build 232 06/12/2013 Service Pack 1 SJ Web Edition
    Info: Processing started: Mon Dec 20 18:14:22 2021
Info: Command: quartus_map --read_settings_files=on --write_settings_files=off de1 -c top_de1
Warning (20028): Parallel compilation is not licensed and has been disabled
Info (12021): Found 2 design units, including 1 entities, in source file top_de1.vhd
    Info (12022): Found design unit 1: top_de1-bdf_type
    Info (12023): Found entity 1: top_de1
Info (12021): Found 2 design units, including 1 entities, in source file /users/maric/onedrive/documenten/github/epo-3/position & zoom/ycounter.vhd
    Info (12022): Found design unit 1: ycounter-behavioural
    Info (12023): Found entity 1: ycounter
Info (12021): Found 1 design units, including 0 entities, in source file /users/maric/onedrive/documenten/github/epo-3/position & zoom/unsignedto2-behaviour.vhd
    Info (12022): Found design unit 1: unsignedto2-behaviour
Info (12021): Found 1 design units, including 1 entities, in source file /users/maric/onedrive/documenten/github/epo-3/position & zoom/unsignedto2.vhd
    Info (12023): Found entity 1: unsignedto2
Info (12021): Found 1 design units, including 0 entities, in source file /users/maric/onedrive/documenten/github/epo-3/position & zoom/shifter_right-behaviour.vhd
    Info (12022): Found design unit 1: shifter_right-behavioural
Info (12021): Found 2 design units, including 1 entities, in source file /users/maric/onedrive/documenten/github/epo-3/position & zoom/shifter_right7.vhd
    Info (12022): Found design unit 1: shifter_right7-behavioural
    Info (12023): Found entity 1: shifter_right7
Info (12021): Found 2 design units, including 1 entities, in source file /users/maric/onedrive/documenten/github/epo-3/position & zoom/shifter_right6.vhd
    Info (12022): Found design unit 1: shifter_right6-behavioural
    Info (12023): Found entity 1: shifter_right6
Info (12021): Found 2 design units, including 1 entities, in source file /users/maric/onedrive/documenten/github/epo-3/position & zoom/shifter_right5.vhd
    Info (12022): Found design unit 1: shifter_right5-behavioural
    Info (12023): Found entity 1: shifter_right5
Info (12021): Found 2 design units, including 1 entities, in source file /users/maric/onedrive/documenten/github/epo-3/position & zoom/shifter_right4.vhd
    Info (12022): Found design unit 1: shifter_right4-behavioural
    Info (12023): Found entity 1: shifter_right4
Info (12021): Found 2 design units, including 1 entities, in source file /users/maric/onedrive/documenten/github/epo-3/position & zoom/shifter_right3.vhd
    Info (12022): Found design unit 1: shifter_right3-behavioural
    Info (12023): Found entity 1: shifter_right3
Info (12021): Found 2 design units, including 1 entities, in source file /users/maric/onedrive/documenten/github/epo-3/position & zoom/shifter_right2.vhd
    Info (12022): Found design unit 1: shifter_right2-behavioural
    Info (12023): Found entity 1: shifter_right2
Info (12021): Found 1 design units, including 1 entities, in source file /users/maric/onedrive/documenten/github/epo-3/position & zoom/shifter_right.vhd
    Info (12023): Found entity 1: shifter_right
Info (12021): Found 2 design units, including 1 entities, in source file /users/maric/onedrive/documenten/github/epo-3/position & zoom/shifter_left_4.vhd
    Info (12022): Found design unit 1: shifter_left_4-behavioural
    Info (12023): Found entity 1: shifter_left_4
Info (12021): Found 2 design units, including 1 entities, in source file /users/maric/onedrive/documenten/github/epo-3/position & zoom/shifter_left_2.vhd
    Info (12022): Found design unit 1: shifter_left_2-behavioural
    Info (12023): Found entity 1: shifter_left_2
Info (12021): Found 2 design units, including 1 entities, in source file /users/maric/onedrive/documenten/github/epo-3/position & zoom/shifter_left.vhd
    Info (12022): Found design unit 1: shifter_left-behavioural
    Info (12023): Found entity 1: shifter_left
Info (12021): Found 1 design units, including 0 entities, in source file /users/maric/onedrive/documenten/github/epo-3/position & zoom/shift_sright-behaviour.vhd
    Info (12022): Found design unit 1: shift_sright-behaviour
Info (12021): Found 1 design units, including 1 entities, in source file /users/maric/onedrive/documenten/github/epo-3/position & zoom/shift_sright.vhd
    Info (12023): Found entity 1: shift_sright
Info (12021): Found 1 design units, including 0 entities, in source file /users/maric/onedrive/documenten/github/epo-3/position & zoom/main-behaviour.vhd
    Info (12022): Found design unit 1: main-behaviour
Info (12021): Found 1 design units, including 0 entities, in source file /users/maric/onedrive/documenten/github/epo-3/position & zoom/main_ytob-behaviour.vhd
    Info (12022): Found design unit 1: main_ytob-behaviour
Info (12021): Found 1 design units, including 1 entities, in source file /users/maric/onedrive/documenten/github/epo-3/position & zoom/main_ytob.vhd
    Info (12023): Found entity 1: main_ytob
Info (12021): Found 1 design units, including 0 entities, in source file /users/maric/onedrive/documenten/github/epo-3/position & zoom/main_xtoa-behaviour.vhd
    Info (12022): Found design unit 1: main_xtoa-behaviour
Info (12021): Found 1 design units, including 1 entities, in source file /users/maric/onedrive/documenten/github/epo-3/position & zoom/main_xtoa.vhd
    Info (12023): Found entity 1: main_xtoa
Error (10500): VHDL syntax error at main_SYN.vhd(315) near text ":";  expecting ")", or "," File: C:/Users/maric/OneDrive/Documenten/GitHub/EPO-3/Position & zoom/main_SYN.vhd Line: 315
Error (10500): VHDL syntax error at main_SYN.vhd(316) near text ":";  expecting ")", or "," File: C:/Users/maric/OneDrive/Documenten/GitHub/EPO-3/Position & zoom/main_SYN.vhd Line: 316
Info (12021): Found 0 design units, including 0 entities, in source file /users/maric/onedrive/documenten/github/epo-3/position & zoom/main_syn.vhd
Info (12021): Found 2 design units, including 1 entities, in source file /users/maric/onedrive/documenten/github/epo-3/position & zoom/main_seq-behaviour.vhd
    Info (12022): Found design unit 1: main_seq-behaviour
    Info (12023): Found entity 1: main_seq
Info (12021): Found 1 design units, including 1 entities, in source file /users/maric/onedrive/documenten/github/epo-3/position & zoom/main.vhd
    Info (12023): Found entity 1: main
Info (12021): Found 2 design units, including 1 entities, in source file /users/maric/onedrive/documenten/github/epo-3/position & zoom/half_adder.vhd
    Info (12022): Found design unit 1: ha-Behavioral
    Info (12023): Found entity 1: ha
Info (12021): Found 1 design units, including 0 entities, in source file /users/maric/onedrive/documenten/github/epo-3/position & zoom/ha_behavioral_cfg.vhd
    Info (12022): Found design unit 1: ha_behavioral_cfg
Info (12021): Found 2 design units, including 1 entities, in source file /users/maric/onedrive/documenten/github/epo-3/position & zoom/full_adder_3x.vhd
    Info (12022): Found design unit 1: full_adder_3x-Behavioral
    Info (12023): Found entity 1: full_adder_3x
Info (12021): Found 2 design units, including 1 entities, in source file /users/maric/onedrive/documenten/github/epo-3/position & zoom/fsm.vhd
    Info (12022): Found design unit 1: zoomandposition_control-behavioural
    Info (12023): Found entity 1: zoomandposition_control
Info (12021): Found 2 design units, including 1 entities, in source file /users/maric/onedrive/documenten/github/epo-3/position & zoom/fa.vhd
    Info (12022): Found design unit 1: fa-Behavioral
    Info (12023): Found entity 1: fa
Info (12021): Found 2 design units, including 1 entities, in source file /users/maric/onedrive/documenten/github/epo-3/position & zoom/buffer.vhd
    Info (12022): Found design unit 1: register_a-structural
    Info (12023): Found entity 1: register_a
Error (12049): Can't compile duplicate declarations of entity "top_de1" into library "work"
    Error (12180): Instance could be entity "top_de1" in file top_de1.vhd compiled in library work File: C:/Users/maric/OneDrive/Documenten/GitHub/EPO-3/de 1 board for memory/top_de1.vhd Line: 24
    Error (12180): Instance could be entity "top_de1" in file top_de1.bdf compiled in library work
Info (12021): Found 1 design units, including 1 entities, in source file top_de1.bdf
Error: Quartus II 64-Bit Analysis & Synthesis was unsuccessful. 5 errors, 1 warning
    Error: Peak virtual memory: 4632 megabytes
    Error: Processing ended: Mon Dec 20 18:14:24 2021
    Error: Elapsed time: 00:00:02
    Error: Total CPU time (on all processors): 00:00:01


